------------------------------------------------------------
Timing Analyzer Summary
------------------------------------------------------------

Type  : Slow 1100mV 85C Model Setup 'clock'
Slack : -5.127
TNS   : -103.599

Type  : Slow 1100mV 85C Model Setup 'clock_divider:vga_clock_gen|divided_clk'
Slack : -2.238
TNS   : -104.157

Type  : Slow 1100mV 85C Model Hold 'clock_divider:vga_clock_gen|divided_clk'
Slack : 0.278
TNS   : 0.000

Type  : Slow 1100mV 85C Model Hold 'clock'
Slack : 0.383
TNS   : 0.000

Type  : Slow 1100mV 85C Model Minimum Pulse Width 'clock'
Slack : -0.841
TNS   : -22.763

Type  : Slow 1100mV 85C Model Minimum Pulse Width 'clock_divider:vga_clock_gen|divided_clk'
Slack : -0.394
TNS   : -25.932

Type  : Slow 1100mV 0C Model Setup 'clock'
Slack : -5.295
TNS   : -100.431

Type  : Slow 1100mV 0C Model Setup 'clock_divider:vga_clock_gen|divided_clk'
Slack : -2.235
TNS   : -104.121

Type  : Slow 1100mV 0C Model Hold 'clock_divider:vga_clock_gen|divided_clk'
Slack : 0.281
TNS   : 0.000

Type  : Slow 1100mV 0C Model Hold 'clock'
Slack : 0.382
TNS   : 0.000

Type  : Slow 1100mV 0C Model Minimum Pulse Width 'clock'
Slack : -0.856
TNS   : -25.376

Type  : Slow 1100mV 0C Model Minimum Pulse Width 'clock_divider:vga_clock_gen|divided_clk'
Slack : -0.394
TNS   : -25.695

Type  : Fast 1100mV 85C Model Setup 'clock'
Slack : -4.226
TNS   : -44.524

Type  : Fast 1100mV 85C Model Setup 'clock_divider:vga_clock_gen|divided_clk'
Slack : -1.045
TNS   : -45.260

Type  : Fast 1100mV 85C Model Hold 'clock_divider:vga_clock_gen|divided_clk'
Slack : 0.094
TNS   : 0.000

Type  : Fast 1100mV 85C Model Hold 'clock'
Slack : 0.204
TNS   : 0.000

Type  : Fast 1100mV 85C Model Minimum Pulse Width 'clock'
Slack : -0.766
TNS   : -4.481

Type  : Fast 1100mV 85C Model Minimum Pulse Width 'clock_divider:vga_clock_gen|divided_clk'
Slack : 0.125
TNS   : 0.000

Type  : Fast 1100mV 0C Model Setup 'clock'
Slack : -3.638
TNS   : -38.127

Type  : Fast 1100mV 0C Model Setup 'clock_divider:vga_clock_gen|divided_clk'
Slack : -0.883
TNS   : -38.907

Type  : Fast 1100mV 0C Model Hold 'clock_divider:vga_clock_gen|divided_clk'
Slack : 0.081
TNS   : 0.000

Type  : Fast 1100mV 0C Model Hold 'clock'
Slack : 0.190
TNS   : 0.000

Type  : Fast 1100mV 0C Model Minimum Pulse Width 'clock'
Slack : -0.739
TNS   : -4.482

Type  : Fast 1100mV 0C Model Minimum Pulse Width 'clock_divider:vga_clock_gen|divided_clk'
Slack : 0.140
TNS   : 0.000

------------------------------------------------------------
