------------------------------------------------------------
Timing Analyzer Summary
------------------------------------------------------------

Type  : Slow 1100mV 85C Model Setup 'clk'
Slack : -3.280
TNS   : -3.280

Type  : Slow 1100mV 85C Model Setup 'pll:vga_pll|divider'
Slack : -3.103
TNS   : -63.248

Type  : Slow 1100mV 85C Model Hold 'pll:vga_pll|divider'
Slack : 0.671
TNS   : 0.000

Type  : Slow 1100mV 85C Model Hold 'clk'
Slack : 0.976
TNS   : 0.000

Type  : Slow 1100mV 85C Model Minimum Pulse Width 'clk'
Slack : -0.784
TNS   : -1.325

Type  : Slow 1100mV 85C Model Minimum Pulse Width 'pll:vga_pll|divider'
Slack : -0.394
TNS   : -11.005

Type  : Slow 1100mV 0C Model Setup 'clk'
Slack : -3.207
TNS   : -3.207

Type  : Slow 1100mV 0C Model Setup 'pll:vga_pll|divider'
Slack : -3.058
TNS   : -62.919

Type  : Slow 1100mV 0C Model Hold 'pll:vga_pll|divider'
Slack : 0.669
TNS   : 0.000

Type  : Slow 1100mV 0C Model Hold 'clk'
Slack : 1.021
TNS   : 0.000

Type  : Slow 1100mV 0C Model Minimum Pulse Width 'clk'
Slack : -0.801
TNS   : -1.392

Type  : Slow 1100mV 0C Model Minimum Pulse Width 'pll:vga_pll|divider'
Slack : -0.394
TNS   : -10.948

Type  : Fast 1100mV 85C Model Setup 'clk'
Slack : -2.773
TNS   : -2.773

Type  : Fast 1100mV 85C Model Setup 'pll:vga_pll|divider'
Slack : -1.388
TNS   : -28.466

Type  : Fast 1100mV 85C Model Hold 'pll:vga_pll|divider'
Slack : 0.347
TNS   : 0.000

Type  : Fast 1100mV 85C Model Hold 'clk'
Slack : 1.202
TNS   : 0.000

Type  : Fast 1100mV 85C Model Minimum Pulse Width 'clk'
Slack : -0.707
TNS   : -1.063

Type  : Fast 1100mV 85C Model Minimum Pulse Width 'pll:vga_pll|divider'
Slack : 0.132
TNS   : 0.000

Type  : Fast 1100mV 0C Model Setup 'clk'
Slack : -2.393
TNS   : -2.393

Type  : Fast 1100mV 0C Model Setup 'pll:vga_pll|divider'
Slack : -1.248
TNS   : -25.864

Type  : Fast 1100mV 0C Model Hold 'pll:vga_pll|divider'
Slack : 0.317
TNS   : 0.000

Type  : Fast 1100mV 0C Model Hold 'clk'
Slack : 1.000
TNS   : 0.000

Type  : Fast 1100mV 0C Model Minimum Pulse Width 'clk'
Slack : -0.697
TNS   : -1.053

Type  : Fast 1100mV 0C Model Minimum Pulse Width 'pll:vga_pll|divider'
Slack : 0.134
TNS   : 0.000

------------------------------------------------------------
